// Jest Snapshot v1, https://goo.gl/fbAQLP

exports[`About tests default renderer 1`] = `
<WithStyles(FullScreenDialog)
  onClose={[Function]}
  open={true}
  title={
    <FormattedMessage
      defaultMessage="About"
      id="cboard.components.About.about"
      values={Object {}}
    />
  }
>
  <WithStyles(ForwardRef(Paper))>
    <FullScreenDialogContent>
      <div
        className="logo"
      >
        <CboardLogo
          isViolet={true}
        />
      </div>
      <WithStyles(ForwardRef(Typography))
        gutterBottom={true}
        variant="h6"
      >
        <FormattedMessage
          defaultMessage="Cboard was made possible thanks to"
          id="cboard.components.About.copyright"
          values={Object {}}
        />
      </WithStyles(ForwardRef(Typography))>
      <WithStyles(ForwardRef(Typography))
        component="div"
        variant="body1"
      >
        <FormattedMessage
          defaultMessage="Cboard is free and open source..."
          id="cboard.components.About.contributeText"
          values={
            Object {
              "cboardSponsorLink": <WithStyles(ForwardRef(Link))
                href="https://github.com/cboard-org/cboard/"
                target="_blank"
              >
                Cboard Github
              </WithStyles(ForwardRef(Link))>,
            }
          }
        />
      </WithStyles(ForwardRef(Typography))>
      <WithStyles(ForwardRef(Typography))
        variant="h5"
      >
        <FormattedMessage
          defaultMessage="License"
          id="cboard.components.About.license"
          values={Object {}}
        />
      </WithStyles(ForwardRef(Typography))>
      <WithStyles(ForwardRef(Typography))
        component="div"
        variant="body1"
      >
        <ul>
          <li>
            Code -
             
            <WithStyles(ForwardRef(Link))
              href="https://github.com/shayc/cboard/blob/master/LICENSE"
              target="_blank"
            >
              GPLv3
            </WithStyles(ForwardRef(Link))>
          </li>
          <li>
            Mulberry Symbols -
             
            <WithStyles(ForwardRef(Link))
              href="https://creativecommons.org/licenses/by-sa/2.0/uk/"
              target="_blank"
            >
              CC BY-SA
            </WithStyles(ForwardRef(Link))>
          </li>
        </ul>
      </WithStyles(ForwardRef(Typography))>
      <WithStyles(ForwardRef(Typography))
        variant="h5"
      >
        <FormattedMessage
          defaultMessage="Thanks"
          id="cboard.components.About.thanks"
          values={Object {}}
        />
      </WithStyles(ForwardRef(Typography))>
      <WithStyles(ForwardRef(Typography))
        component="div"
        variant="body1"
      >
        <FormattedMessage
          defaultMessage="We want to thank all the people and organizations that helped us build Cboard."
          id="cboard.components.About.thanksBody"
          values={Object {}}
        />
      </WithStyles(ForwardRef(Typography))>
      <div
        className="imageContainer"
      >
        <img
          alt="UNICEF"
          className="imageItem"
          src="/images/sponsers/unicef.png"
        />
        <img
          alt="Microsoft"
          className="imageItem"
          src="/images/sponsers/microsoft.png"
        />
      </div>
    </FullScreenDialogContent>
  </WithStyles(ForwardRef(Paper))>
</WithStyles(FullScreenDialog)>
`;
